// Jest Snapshot v1, https://goo.gl/fbAQLP

exports[`Drawer test Drawer  1`] = `null`;
